Probando con Cuenta: Ahorros (ID: 1)
Consultando conciliacion 2025-1...
Estado Antes: CUADRADO, Sys Entradas: 31238755.95

Ejecutando Reset...
Error en Reset: 500 Server Error: Internal Server Error for url: http://localhost:8000/api/matching/desvincular-todo/1/2025/1
